Puzzle 1 is solvable.
Puzzle 2 is solvable.
Puzzle 3 is not solvable.
Puzzle 4 is solvable.
Puzzle 5 is solvable.
Puzzle 6 is not solvable.
Puzzle 7 is not solvable.
Puzzle 8 is not solvable.
Puzzle 9 is not solvable.
Puzzle 10 is solvable.
Puzzle 11 is not solvable.
Puzzle 12 is not solvable.
Puzzle 13 is solvable.
Puzzle 14 is not solvable.
Puzzle 15 is not solvable.
Puzzle 16 is not solvable.
Puzzle 17 is not solvable.
Puzzle 18 is solvable.
Puzzle 19 is solvable.
Puzzle 20 is solvable.
Puzzle 21 is solvable.
Puzzle 22 is solvable.
Puzzle 23 is not solvable.
Puzzle 24 is solvable.
Puzzle 25 is not solvable.
Puzzle 26 is not solvable.
Puzzle 27 is solvable.
Puzzle 28 is not solvable.
Puzzle 29 is not solvable.
Puzzle 30 is solvable.
Puzzle 31 is not solvable.
Puzzle 32 is not solvable.
Puzzle 33 is not solvable.
Puzzle 34 is solvable.
Puzzle 35 is not solvable.
Puzzle 36 is not solvable.
Puzzle 37 is not solvable.
Puzzle 38 is not solvable.
Puzzle 39 is solvable.
Puzzle 40 is not solvable.
Puzzle 41 is solvable.
Puzzle 42 is not solvable.
Puzzle 43 is not solvable.
Puzzle 44 is not solvable.
Puzzle 45 is solvable.
Puzzle 46 is solvable.
Puzzle 47 is not solvable.
Puzzle 48 is solvable.
Puzzle 49 is solvable.
Puzzle 50 is not solvable.
Puzzle 51 is solvable.
Puzzle 52 is not solvable.
Puzzle 53 is solvable.
Puzzle 54 is not solvable.
Puzzle 55 is solvable.
Puzzle 56 is solvable.
Puzzle 57 is solvable.
Puzzle 58 is not solvable.
Puzzle 59 is not solvable.
Puzzle 60 is not solvable.
Puzzle 61 is solvable.
Puzzle 62 is not solvable.
Puzzle 63 is not solvable.
Puzzle 64 is not solvable.
Puzzle 65 is not solvable.
Puzzle 66 is not solvable.
Puzzle 67 is solvable.
Puzzle 68 is solvable.
Puzzle 69 is not solvable.
Puzzle 70 is solvable.
Puzzle 71 is not solvable.
Puzzle 72 is not solvable.
Puzzle 73 is not solvable.
Puzzle 74 is solvable.
Puzzle 75 is solvable.
Puzzle 76 is not solvable.
Puzzle 77 is solvable.
Puzzle 78 is not solvable.
Puzzle 79 is not solvable.
Puzzle 80 is not solvable.
Puzzle 81 is not solvable.
Puzzle 82 is solvable.
Puzzle 83 is not solvable.
Puzzle 84 is not solvable.
Puzzle 85 is solvable.
Puzzle 86 is not solvable.
Puzzle 87 is not solvable.
Puzzle 88 is not solvable.
Puzzle 89 is not solvable.
Puzzle 90 is not solvable.
Puzzle 91 is not solvable.
Puzzle 92 is not solvable.
Puzzle 93 is not solvable.
Puzzle 94 is not solvable.
Puzzle 95 is not solvable.
Puzzle 96 is solvable.
Puzzle 97 is not solvable.
Puzzle 98 is solvable.
Puzzle 99 is solvable.
Puzzle 100 is solvable.
